// Vitest Snapshot v1, https://vitest.dev/guide/snapshot.html

exports[`스냅샷: class-기본 > 출력이 고정된다 1`] = `
"<div style="overflow-x:auto"><svg width="122" height="162" viewBox="-6 -6 122 162" role="img" aria-label="설명" style="min-width:104px;max-width:100%;height:auto" xmlns="http://www.w3.org/2000/svg">
<defs><marker id="d1-arrow" viewBox="0 0 10 10" refX="9" refY="5" markerWidth="7" markerHeight="7" orient="auto"><polygon points="0,0 10,5 0,10" fill="var(--fs-line, color-mix(in srgb, currentColor 30%, transparent))"/></marker></defs>
<path d="M 56 80 L 56 36" fill="none" stroke="var(--fs-line, color-mix(in srgb, currentColor 30%, transparent))" stroke-width="1" marker-end="url(#d1-arrow)"/>
<rect x="58" y="54.2" width="32.88" height="17.55" rx="3" fill="var(--fs-label-chip, color-mix(in srgb, currentColor 6%, transparent))"/>
<text x="63" y="66" fill="var(--fs-label, currentColor)" font-size="11" font-weight="500">uses</text>
<rect x="0" y="80" width="112" height="28" rx="var(--fs-radius, 6)" fill="var(--fs-node-fill-alt, color-mix(in srgb, currentColor 8%, transparent))"/>
<rect x="0" y="80" width="112" height="72" rx="var(--fs-radius, 6)" fill="none" stroke="var(--fs-node-border, color-mix(in srgb, currentColor 30%, transparent))" stroke-width="1"/>
<text x="56" y="99" text-anchor="middle" fill="var(--fs-ink, currentColor)" font-size="12" font-weight="600">Order</text>
<line x1="0" y1="108" x2="112" y2="108" stroke="var(--fs-line-faint, currentColor)" stroke-width="1"/>
<text x="8" y="122" fill="var(--fs-muted, currentColor)" fill-opacity="0.58" font-size="10" font-weight="400">+Long id</text>
<text x="8" y="140" fill="var(--fs-muted, currentColor)" fill-opacity="0.58" font-size="10" font-weight="400">+pay()</text>
<rect x="0" y="0" width="112" height="36" rx="var(--fs-radius, 6)" fill="none" stroke="var(--fs-node-border, color-mix(in srgb, currentColor 30%, transparent))" stroke-width="1"/>
<text x="56" y="19" text-anchor="middle" fill="var(--fs-ink, currentColor)" font-size="12" font-weight="600">Payment</text>
</svg></div>"
`;

exports[`스냅샷: er-기본 > 출력이 고정된다 1`] = `
"<div style="overflow-x:auto"><svg width="268" height="56" viewBox="-6 -6 268 56" role="img" aria-label="설명" style="min-width:228px;max-width:100%;height:auto" xmlns="http://www.w3.org/2000/svg">
<path d="M 88 24 L 98.12 24" fill="none" stroke="var(--fs-line, color-mix(in srgb, currentColor 30%, transparent))" stroke-width="1"/>
<path d="M 157.88 24 L 168 24" fill="none" stroke="var(--fs-line, color-mix(in srgb, currentColor 30%, transparent))" stroke-width="1"/>
<line x1="98" y1="29" x2="98" y2="19" stroke="var(--fs-line, color-mix(in srgb, currentColor 30%, transparent))" stroke-width="1"/>
<line x1="158" y1="24" x2="168" y2="29" stroke="var(--fs-line, color-mix(in srgb, currentColor 30%, transparent))" stroke-width="1"/>
<line x1="158" y1="24" x2="168" y2="24" stroke="var(--fs-line, color-mix(in srgb, currentColor 30%, transparent))" stroke-width="1"/>
<line x1="158" y1="24" x2="168" y2="19" stroke="var(--fs-line, color-mix(in srgb, currentColor 30%, transparent))" stroke-width="1"/>
<circle cx="152" cy="24" r="3.5" fill="none" stroke="var(--fs-line, color-mix(in srgb, currentColor 30%, transparent))" stroke-width="1"/>
<rect x="0" y="0" width="88" height="44" rx="var(--fs-radius, 6)" fill="var(--fs-node-fill, color-mix(in srgb, currentColor 3.5%, transparent))" stroke="var(--fs-node-border, color-mix(in srgb, currentColor 30%, transparent))" stroke-width="1"/>
<text x="44" y="26" text-anchor="middle" fill="var(--fs-ink, currentColor)" font-size="12" font-weight="600">ORDER</text>
<rect x="168" y="0" width="88" height="44" rx="var(--fs-radius, 6)" fill="var(--fs-node-fill, color-mix(in srgb, currentColor 3.5%, transparent))" stroke="var(--fs-node-border, color-mix(in srgb, currentColor 30%, transparent))" stroke-width="1"/>
<text x="212" y="26" text-anchor="middle" fill="var(--fs-ink, currentColor)" font-size="12" font-weight="600">ITEM</text>
<rect x="100.12" y="15.5" width="55.76" height="17.55" rx="3" fill="var(--fs-label-chip, color-mix(in srgb, currentColor 6%, transparent))"/>
<text x="128" y="27.3" text-anchor="middle" fill="var(--fs-label, currentColor)" font-size="11" font-weight="500">contains</text>
</svg></div>"
`;

exports[`스냅샷: flowchart-TD > 출력이 고정된다 1`] = `
"<div style="overflow-x:auto"><svg width="182" height="138" viewBox="-4 -4 182 138" role="img" aria-label="설명" style="min-width:155px;max-width:100%;height:auto" xmlns="http://www.w3.org/2000/svg">
<defs><marker id="d1-arrow" viewBox="0 0 10 10" refX="9" refY="5" markerWidth="7" markerHeight="7" orient="auto"><polygon points="0,0 10,5 0,10" fill="var(--fs-line, color-mix(in srgb, currentColor 30%, transparent))"/></marker></defs>
<path d="M 76 44 L 76 54 Q 76 60 70 60 L 42 60 Q 36 60 36 66 L 36 88" fill="none" stroke="var(--fs-line, color-mix(in srgb, currentColor 30%, transparent))" stroke-width="1" marker-end="url(#d1-arrow)"/>
<path d="M 96 44 L 96 66 Q 96 72 102 72 L 134 72 Q 140 72 140 78 L 140 88" fill="none" stroke="var(--fs-line, color-mix(in srgb, currentColor 30%, transparent))" stroke-width="1" marker-end="url(#d1-arrow)"/>
<rect x="52" y="0" width="72" height="44" rx="22" fill="var(--fs-node-fill-strong, color-mix(in srgb, currentColor 13%, transparent))" stroke="var(--fs-node-border, color-mix(in srgb, currentColor 30%, transparent))" stroke-width="1"/>
<text x="88" y="26" text-anchor="middle" fill="var(--fs-ink, currentColor)" font-size="12" font-weight="600">a</text>
<rect x="0" y="88" width="72" height="44" rx="var(--fs-radius, 6)" fill="var(--fs-node-fill, color-mix(in srgb, currentColor 3.5%, transparent))" stroke="var(--fs-node-border, color-mix(in srgb, currentColor 30%, transparent))" stroke-width="1"/>
<text x="36" y="114" text-anchor="middle" fill="var(--fs-ink, currentColor)" font-size="12" font-weight="600">b</text>
<rect x="104" y="88" width="72" height="44" rx="var(--fs-radius, 6)" fill="var(--fs-node-fill, color-mix(in srgb, currentColor 3.5%, transparent))" stroke="var(--fs-node-border, color-mix(in srgb, currentColor 30%, transparent))" stroke-width="1"/>
<text x="140" y="114" text-anchor="middle" fill="var(--fs-ink, currentColor)" font-size="12" font-weight="600">c</text>
</svg></div>"
`;

exports[`스냅샷: flowchart-기본 > 출력이 고정된다 1`] = `
"<div style="overflow-x:auto"><svg width="351" height="52" viewBox="-4 -4 351 52" role="img" aria-label="설명" style="min-width:298px;max-width:100%;height:auto" xmlns="http://www.w3.org/2000/svg">
<defs><marker id="d1-arrow" viewBox="0 0 10 10" refX="9" refY="5" markerWidth="7" markerHeight="7" orient="auto"><polygon points="0,0 10,5 0,10" fill="var(--fs-line, color-mix(in srgb, currentColor 30%, transparent))"/></marker></defs>
<path d="M 72 24 L 82 24" fill="none" stroke="var(--fs-line, color-mix(in srgb, currentColor 30%, transparent))" stroke-width="1"/>
<path d="M 118 24 L 128 24" fill="none" stroke="var(--fs-line, color-mix(in srgb, currentColor 30%, transparent))" stroke-width="1" marker-end="url(#d1-arrow)"/>
<path d="M 228 24 L 272 24" fill="none" stroke="var(--fs-line, color-mix(in srgb, currentColor 30%, transparent))" stroke-width="1" marker-end="url(#d1-arrow)"/>
<rect x="0" y="0" width="72" height="44" rx="22" fill="var(--fs-node-fill-strong, color-mix(in srgb, currentColor 13%, transparent))" stroke="var(--fs-node-border, color-mix(in srgb, currentColor 30%, transparent))" stroke-width="1"/>
<text x="36" y="26" text-anchor="middle" fill="var(--fs-ink, currentColor)" font-size="12" font-weight="600">주문</text>
<polygon points="178,0 228,22 178,44 128,22" fill="var(--fs-node-fill-alt, color-mix(in srgb, currentColor 8%, transparent))" stroke="var(--fs-node-border, color-mix(in srgb, currentColor 30%, transparent))" stroke-width="1"/>
<text x="178" y="26" text-anchor="middle" fill="var(--fs-ink, currentColor)" font-size="12" font-weight="600">결제</text>
<rect x="272" y="0" width="72" height="44" rx="22" fill="var(--fs-accent-fill, color-mix(in srgb, currentColor 9%, transparent))" stroke="var(--fs-accent, currentColor)" stroke-width="1.75"/>
<text x="308" y="26" text-anchor="middle" fill="var(--fs-accent, currentColor)" font-size="12" font-weight="700">재고</text>
<rect x="84" y="15.5" width="32" height="17.55" rx="3" fill="var(--fs-label-chip, color-mix(in srgb, currentColor 6%, transparent))"/>
<text x="100" y="27.3" text-anchor="middle" fill="var(--fs-label, currentColor)" font-size="11" font-weight="500">승인</text>
</svg></div>"
`;

exports[`스냅샷: flowchart-점선 > 출력이 고정된다 1`] = `
"<div style="overflow-x:auto"><svg width="194" height="52" viewBox="-4 -4 194 52" role="img" aria-label="설명" style="min-width:165px;max-width:100%;height:auto" xmlns="http://www.w3.org/2000/svg">
<defs><marker id="d1-arrow" viewBox="0 0 10 10" refX="9" refY="5" markerWidth="7" markerHeight="7" orient="auto"><polygon points="0,0 10,5 0,10" fill="var(--fs-line, color-mix(in srgb, currentColor 30%, transparent))"/></marker></defs>
<path d="M 72 24 L 116 24" fill="none" stroke="var(--fs-line, color-mix(in srgb, currentColor 30%, transparent))" stroke-width="1" stroke-dasharray="3 3" marker-end="url(#d1-arrow)"/>
<rect x="0" y="0" width="72" height="44" rx="22" fill="var(--fs-node-fill-strong, color-mix(in srgb, currentColor 13%, transparent))" stroke="var(--fs-node-border, color-mix(in srgb, currentColor 30%, transparent))" stroke-width="1"/>
<text x="36" y="26" text-anchor="middle" fill="var(--fs-ink, currentColor)" font-size="12" font-weight="600">a</text>
<rect x="116" y="0" width="72" height="44" rx="var(--fs-radius, 6)" fill="var(--fs-node-fill, color-mix(in srgb, currentColor 3.5%, transparent))" stroke="var(--fs-node-border, color-mix(in srgb, currentColor 30%, transparent))" stroke-width="1"/>
<text x="152" y="26" text-anchor="middle" fill="var(--fs-ink, currentColor)" font-size="12" font-weight="600">b</text>
</svg></div>"
`;

exports[`스냅샷: sequence-기본 > 출력이 고정된다 1`] = `
"<div style="overflow-x:auto"><svg width="204" height="168" viewBox="-6 -6 204 168" role="img" aria-label="설명" style="min-width:173px;max-width:100%;height:auto" xmlns="http://www.w3.org/2000/svg">
<defs><marker id="d1-arrow" viewBox="0 0 10 10" refX="9" refY="5" markerWidth="7" markerHeight="7" orient="auto"><polygon points="0,0 10,5 0,10" fill="var(--fs-line, color-mix(in srgb, currentColor 30%, transparent))"/></marker></defs>
<line x1="48" y1="36" x2="48" y2="148" stroke="var(--fs-line-faint, currentColor)" stroke-width="1" stroke-dasharray="4 4"/>
<line x1="144" y1="36" x2="144" y2="148" stroke="var(--fs-line-faint, currentColor)" stroke-width="1" stroke-dasharray="4 4"/>
<line x1="48" y1="56" x2="144" y2="56" stroke="var(--fs-line, color-mix(in srgb, currentColor 30%, transparent))" stroke-width="1" marker-end="url(#d1-arrow)"/>
<line x1="144" y1="100" x2="48" y2="100" stroke="var(--fs-line, color-mix(in srgb, currentColor 30%, transparent))" stroke-width="1" stroke-dasharray="3 3" marker-end="url(#d1-arrow)"/>
<rect x="24" y="0" width="52" height="28" rx="var(--fs-radius, 6)" fill="var(--fs-node-fill-alt, color-mix(in srgb, currentColor 8%, transparent))" stroke="var(--fs-node-border, color-mix(in srgb, currentColor 30%, transparent))" stroke-width="1"/>
<text x="48" y="18" text-anchor="middle" fill="var(--fs-ink, currentColor)" font-size="12" font-weight="600">주문</text>
<rect x="120" y="0" width="52" height="28" rx="var(--fs-radius, 6)" fill="var(--fs-node-fill-alt, color-mix(in srgb, currentColor 8%, transparent))" stroke="var(--fs-node-border, color-mix(in srgb, currentColor 30%, transparent))" stroke-width="1"/>
<text x="144" y="18" text-anchor="middle" fill="var(--fs-ink, currentColor)" font-size="12" font-weight="600">결제</text>
<rect x="80" y="36.2" width="32" height="17.55" rx="3" fill="var(--fs-label-chip, color-mix(in srgb, currentColor 6%, transparent))"/>
<text x="96" y="48" text-anchor="middle" fill="var(--fs-label, currentColor)" font-size="11" font-weight="500">요청</text>
<rect x="80" y="80.2" width="32" height="17.55" rx="3" fill="var(--fs-label-chip, color-mix(in srgb, currentColor 6%, transparent))"/>
<text x="96" y="92" text-anchor="middle" fill="var(--fs-label, currentColor)" font-size="11" font-weight="500">승인</text>
</svg></div>"
`;

exports[`스냅샷: sequence-노트 > 출력이 고정된다 1`] = `
"<div style="overflow-x:auto"><svg width="204" height="168" viewBox="-6 -6 204 168" role="img" aria-label="설명" style="min-width:173px;max-width:100%;height:auto" xmlns="http://www.w3.org/2000/svg">
<defs><marker id="d1-arrow" viewBox="0 0 10 10" refX="9" refY="5" markerWidth="7" markerHeight="7" orient="auto"><polygon points="0,0 10,5 0,10" fill="var(--fs-line, color-mix(in srgb, currentColor 30%, transparent))"/></marker></defs>
<line x1="48" y1="36" x2="48" y2="148" stroke="var(--fs-line-faint, currentColor)" stroke-width="1" stroke-dasharray="4 4"/>
<line x1="144" y1="36" x2="144" y2="148" stroke="var(--fs-line-faint, currentColor)" stroke-width="1" stroke-dasharray="4 4"/>
<line x1="48" y1="56" x2="144" y2="56" stroke="var(--fs-line, color-mix(in srgb, currentColor 30%, transparent))" stroke-width="1" marker-end="url(#d1-arrow)"/>
<rect x="112" y="88" width="64" height="24" rx="3" fill="none" stroke="var(--fs-node-border, color-mix(in srgb, currentColor 30%, transparent))" stroke-width="1" stroke-dasharray="3 3"/>
<text x="144" y="102" text-anchor="middle" fill="var(--fs-ink, currentColor)" font-size="11">검증한다</text>
<rect x="32" y="0" width="36" height="28" rx="var(--fs-radius, 6)" fill="var(--fs-node-fill-alt, color-mix(in srgb, currentColor 8%, transparent))" stroke="var(--fs-node-border, color-mix(in srgb, currentColor 30%, transparent))" stroke-width="1"/>
<text x="48" y="18" text-anchor="middle" fill="var(--fs-ink, currentColor)" font-size="12" font-weight="600">A</text>
<rect x="128" y="0" width="36" height="28" rx="var(--fs-radius, 6)" fill="var(--fs-node-fill-alt, color-mix(in srgb, currentColor 8%, transparent))" stroke="var(--fs-node-border, color-mix(in srgb, currentColor 30%, transparent))" stroke-width="1"/>
<text x="144" y="18" text-anchor="middle" fill="var(--fs-ink, currentColor)" font-size="12" font-weight="600">B</text>
<rect x="88.14" y="36.2" width="15.72" height="17.55" rx="3" fill="var(--fs-label-chip, color-mix(in srgb, currentColor 6%, transparent))"/>
<text x="96" y="48" text-anchor="middle" fill="var(--fs-label, currentColor)" font-size="11" font-weight="500">x</text>
</svg></div>"
`;

exports[`스냅샷: state-기본 > 출력이 고정된다 1`] = `
"<div style="overflow-x:auto"><svg width="331" height="48" viewBox="-4 -4 331 48" role="img" aria-label="설명" style="min-width:281px;max-width:100%;height:auto" xmlns="http://www.w3.org/2000/svg">
<defs><marker id="d1-arrow" viewBox="0 0 10 10" refX="9" refY="5" markerWidth="7" markerHeight="7" orient="auto"><polygon points="0,0 10,5 0,10" fill="var(--fs-line, color-mix(in srgb, currentColor 30%, transparent))"/></marker></defs>
<path d="M 16 20 L 56 20" fill="none" stroke="var(--fs-line, color-mix(in srgb, currentColor 30%, transparent))" stroke-width="1" marker-end="url(#d1-arrow)"/>
<path d="M 140 20 L 150 20" fill="none" stroke="var(--fs-line, color-mix(in srgb, currentColor 30%, transparent))" stroke-width="1"/>
<path d="M 186 20 L 196 20" fill="none" stroke="var(--fs-line, color-mix(in srgb, currentColor 30%, transparent))" stroke-width="1" marker-end="url(#d1-arrow)"/>
<path d="M 268 20 L 308 20" fill="none" stroke="var(--fs-line, color-mix(in srgb, currentColor 30%, transparent))" stroke-width="1" marker-end="url(#d1-arrow)"/>
<circle cx="8" cy="20" r="8" fill="var(--fs-ink, currentColor)"/>
<rect x="56" y="0" width="84" height="40" rx="20" fill="var(--fs-node-fill, color-mix(in srgb, currentColor 3.5%, transparent))" stroke="var(--fs-node-border, color-mix(in srgb, currentColor 30%, transparent))" stroke-width="1"/>
<text x="98" y="24" text-anchor="middle" fill="var(--fs-ink, currentColor)" font-size="12" font-weight="600">PENDING</text>
<rect x="196" y="0" width="72" height="40" rx="20" fill="var(--fs-node-fill, color-mix(in srgb, currentColor 3.5%, transparent))" stroke="var(--fs-node-border, color-mix(in srgb, currentColor 30%, transparent))" stroke-width="1"/>
<text x="232" y="24" text-anchor="middle" fill="var(--fs-ink, currentColor)" font-size="12" font-weight="600">PAID</text>
<circle cx="316" cy="20" r="8" fill="var(--fs-ink, currentColor)"/>
<rect x="152" y="11.5" width="32" height="17.55" rx="3" fill="var(--fs-label-chip, color-mix(in srgb, currentColor 6%, transparent))"/>
<text x="168" y="23.3" text-anchor="middle" fill="var(--fs-label, currentColor)" font-size="11" font-weight="500">승인</text>
</svg></div>"
`;
